// Jest Snapshot v1, https://goo.gl/fbAQLP

exports[`Footer 1`] = `
<div
  className="MuiBox-root css-1sp4l3i"
>
  <div
    className="MuiContainer-root MuiContainer-maxWidthLg css-1imjkd-MuiContainer-root"
  >
    <div
      className="MuiBox-root css-315n33"
    >
      <div
        className="MuiBox-root css-70qvj9"
      >
        <img
          alt="not found"
          className="MuiBox-root css-xgff9b"
          src="/assets/logo.png"
        />
        <p
          className="MuiTypography-root MuiTypography-body1 css-cl9qd7-MuiTypography-root"
        >
          Blinkist
        </p>
      </div>
      <h6
        className="MuiTypography-root MuiTypography-h6 css-1dzacpr-MuiTypography-root"
        data-testid="slogan"
      >
        Big ideas in small packages
        <br />
        Start learning now
      </h6>
    </div>
    <div
      className="MuiBox-root css-ckyhk3"
    >
      <div
        className="MuiBox-root css-6iaxro"
        data-testid="topics"
      >
        <p
          className="MuiTypography-root MuiTypography-body1 css-ohx2p-MuiTypography-root"
        >
          Editorial
        </p>
        <p
          className="MuiTypography-root MuiTypography-body1 css-e3ldce-MuiTypography-root"
        >
          Book lists
        </p>
        <p
          className="MuiTypography-root MuiTypography-body1 css-e3ldce-MuiTypography-root"
        >
          What is Notfication?
        </p>
        <p
          className="MuiTypography-root MuiTypography-body1 css-e3ldce-MuiTypography-root"
        >
          What to read next?
        </p>
        <p
          className="MuiTypography-root MuiTypography-body1 css-e3ldce-MuiTypography-root"
        >
          Benefits of reading
        </p>
      </div>
      <div
        className="MuiBox-root css-6iaxro"
        data-testid="topics"
      >
        <p
          className="MuiTypography-root MuiTypography-body1 css-ohx2p-MuiTypography-root"
        >
          Useful links
        </p>
        <p
          className="MuiTypography-root MuiTypography-body1 css-e3ldce-MuiTypography-root"
        >
          Pricing
        </p>
        <p
          className="MuiTypography-root MuiTypography-body1 css-e3ldce-MuiTypography-root"
        >
          Blinkist business
        </p>
        <p
          className="MuiTypography-root MuiTypography-body1 css-e3ldce-MuiTypography-root"
        >
          Gift cards
        </p>
        <p
          className="MuiTypography-root MuiTypography-body1 css-e3ldce-MuiTypography-root"
        >
          Blinkist magaine
        </p>
      </div>
      <div
        className="MuiBox-root css-6iaxro"
        data-testid="topics"
      >
        <p
          className="MuiTypography-root MuiTypography-body1 css-ohx2p-MuiTypography-root"
        >
          Company
        </p>
        <p
          className="MuiTypography-root MuiTypography-body1 css-e3ldce-MuiTypography-root"
        >
          About
        </p>
        <p
          className="MuiTypography-root MuiTypography-body1 css-e3ldce-MuiTypography-root"
        >
          Carrer
        </p>
        <p
          className="MuiTypography-root MuiTypography-body1 css-e3ldce-MuiTypography-root"
        >
          partners
        </p>
        <p
          className="MuiTypography-root MuiTypography-body1 css-e3ldce-MuiTypography-root"
        >
          Code of Conduct
        </p>
      </div>
    </div>
  </div>
</div>
`;

exports[`render Footer 1`] = `
<div
  className="MuiBox-root css-1sp4l3i"
>
  <div
    className="MuiContainer-root MuiContainer-maxWidthLg css-1imjkd-MuiContainer-root"
  >
    <div
      className="MuiBox-root css-315n33"
    >
      <div
        className="MuiBox-root css-70qvj9"
      >
        <img
          alt="not found"
          className="MuiBox-root css-xgff9b"
          src="/assets/logo.png"
        />
        <p
          className="MuiTypography-root MuiTypography-body1 css-cl9qd7-MuiTypography-root"
        >
          Blinkist
        </p>
      </div>
      <h6
        className="MuiTypography-root MuiTypography-h6 css-1dzacpr-MuiTypography-root"
        data-testid="slogan"
      >
        Big ideas in small packages
        <br />
        Start learning now
      </h6>
    </div>
    <div
      className="MuiBox-root css-ckyhk3"
    >
      <div
        className="MuiBox-root css-6iaxro"
        data-testid="topics"
      >
        <p
          className="MuiTypography-root MuiTypography-body1 css-ohx2p-MuiTypography-root"
        >
          Editorial
        </p>
        <p
          className="MuiTypography-root MuiTypography-body1 css-e3ldce-MuiTypography-root"
        >
          Book lists
        </p>
        <p
          className="MuiTypography-root MuiTypography-body1 css-e3ldce-MuiTypography-root"
        >
          What is Notfication?
        </p>
        <p
          className="MuiTypography-root MuiTypography-body1 css-e3ldce-MuiTypography-root"
        >
          What to read next?
        </p>
        <p
          className="MuiTypography-root MuiTypography-body1 css-e3ldce-MuiTypography-root"
        >
          Benefits of reading
        </p>
      </div>
      <div
        className="MuiBox-root css-6iaxro"
        data-testid="topics"
      >
        <p
          className="MuiTypography-root MuiTypography-body1 css-ohx2p-MuiTypography-root"
        >
          Useful links
        </p>
        <p
          className="MuiTypography-root MuiTypography-body1 css-e3ldce-MuiTypography-root"
        >
          Pricing
        </p>
        <p
          className="MuiTypography-root MuiTypography-body1 css-e3ldce-MuiTypography-root"
        >
          Blinkist business
        </p>
        <p
          className="MuiTypography-root MuiTypography-body1 css-e3ldce-MuiTypography-root"
        >
          Gift cards
        </p>
        <p
          className="MuiTypography-root MuiTypography-body1 css-e3ldce-MuiTypography-root"
        >
          Blinkist magaine
        </p>
      </div>
      <div
        className="MuiBox-root css-6iaxro"
        data-testid="topics"
      >
        <p
          className="MuiTypography-root MuiTypography-body1 css-ohx2p-MuiTypography-root"
        >
          Company
        </p>
        <p
          className="MuiTypography-root MuiTypography-body1 css-e3ldce-MuiTypography-root"
        >
          About
        </p>
        <p
          className="MuiTypography-root MuiTypography-body1 css-e3ldce-MuiTypography-root"
        >
          Carrer
        </p>
        <p
          className="MuiTypography-root MuiTypography-body1 css-e3ldce-MuiTypography-root"
        >
          partners
        </p>
        <p
          className="MuiTypography-root MuiTypography-body1 css-e3ldce-MuiTypography-root"
        >
          Code of Conduct
        </p>
      </div>
    </div>
  </div>
</div>
`;

exports[`renders Footer 1`] = `
<div
  className="MuiBox-root css-1sp4l3i"
>
  <div
    className="MuiContainer-root MuiContainer-maxWidthLg css-1imjkd-MuiContainer-root"
  >
    <div
      className="MuiBox-root css-315n33"
    >
      <div
        className="MuiBox-root css-70qvj9"
      >
        <img
          alt="not found"
          className="MuiBox-root css-xgff9b"
          src="/assets/logo.png"
        />
        <p
          className="MuiTypography-root MuiTypography-body1 css-cl9qd7-MuiTypography-root"
        >
          Blinkist
        </p>
      </div>
      <h6
        className="MuiTypography-root MuiTypography-h6 css-1dzacpr-MuiTypography-root"
        data-testid="slogan"
      >
        Big ideas in small packages
        <br />
        Start learning now
      </h6>
    </div>
    <div
      className="MuiBox-root css-ckyhk3"
    >
      <div
        className="MuiBox-root css-6iaxro"
        data-testid="topics"
      >
        <p
          className="MuiTypography-root MuiTypography-body1 css-ohx2p-MuiTypography-root"
        >
          Editorial
        </p>
        <p
          className="MuiTypography-root MuiTypography-body1 css-e3ldce-MuiTypography-root"
        >
          Book lists
        </p>
        <p
          className="MuiTypography-root MuiTypography-body1 css-e3ldce-MuiTypography-root"
        >
          What is Notfication?
        </p>
        <p
          className="MuiTypography-root MuiTypography-body1 css-e3ldce-MuiTypography-root"
        >
          What to read next?
        </p>
        <p
          className="MuiTypography-root MuiTypography-body1 css-e3ldce-MuiTypography-root"
        >
          Benefits of reading
        </p>
      </div>
      <div
        className="MuiBox-root css-6iaxro"
        data-testid="topics"
      >
        <p
          className="MuiTypography-root MuiTypography-body1 css-ohx2p-MuiTypography-root"
        >
          Useful links
        </p>
        <p
          className="MuiTypography-root MuiTypography-body1 css-e3ldce-MuiTypography-root"
        >
          Pricing
        </p>
        <p
          className="MuiTypography-root MuiTypography-body1 css-e3ldce-MuiTypography-root"
        >
          Blinkist business
        </p>
        <p
          className="MuiTypography-root MuiTypography-body1 css-e3ldce-MuiTypography-root"
        >
          Gift cards
        </p>
        <p
          className="MuiTypography-root MuiTypography-body1 css-e3ldce-MuiTypography-root"
        >
          Blinkist magaine
        </p>
      </div>
      <div
        className="MuiBox-root css-6iaxro"
        data-testid="topics"
      >
        <p
          className="MuiTypography-root MuiTypography-body1 css-ohx2p-MuiTypography-root"
        >
          Company
        </p>
        <p
          className="MuiTypography-root MuiTypography-body1 css-e3ldce-MuiTypography-root"
        >
          About
        </p>
        <p
          className="MuiTypography-root MuiTypography-body1 css-e3ldce-MuiTypography-root"
        >
          Carrer
        </p>
        <p
          className="MuiTypography-root MuiTypography-body1 css-e3ldce-MuiTypography-root"
        >
          partners
        </p>
        <p
          className="MuiTypography-root MuiTypography-body1 css-e3ldce-MuiTypography-root"
        >
          Code of Conduct
        </p>
      </div>
    </div>
  </div>
</div>
`;
