// Jest Snapshot v1, https://goo.gl/fbAQLP

exports[`render the App Component 1`] = `
<div
  className="App"
>
  <div
    className="MuiContainer-root MuiContainer-maxWidthLg css-14uxf7f-MuiContainer-root"
  >
    <span
      className="MuiCircularProgress-root MuiCircularProgress-indeterminate MuiCircularProgress-colorPrimary css-1gi5zzc-MuiCircularProgress-root"
      data-testid="circular-progress"
      role="progressbar"
      style={
        Object {
          "height": 40,
          "width": 40,
        }
      }
    >
      <svg
        className="MuiCircularProgress-svg css-1idz92c-MuiCircularProgress-svg"
        viewBox="22 22 44 44"
      >
        <circle
          className="MuiCircularProgress-circle MuiCircularProgress-circleIndeterminate css-176wh8e-MuiCircularProgress-circle"
          cx={44}
          cy={44}
          fill="none"
          r={20.2}
          strokeWidth={3.6}
          style={Object {}}
        />
      </svg>
    </span>
  </div>
</div>
`;

exports[`renders App Component 1`] = `
<div
  className="App"
>
  <div
    className="MuiContainer-root MuiContainer-maxWidthLg css-14uxf7f-MuiContainer-root"
  >
    <span
      className="MuiCircularProgress-root MuiCircularProgress-indeterminate MuiCircularProgress-colorPrimary css-1gi5zzc-MuiCircularProgress-root"
      data-testid="circular-progress"
      role="progressbar"
      style={
        Object {
          "height": 40,
          "width": 40,
        }
      }
    >
      <svg
        className="MuiCircularProgress-svg css-1idz92c-MuiCircularProgress-svg"
        viewBox="22 22 44 44"
      >
        <circle
          className="MuiCircularProgress-circle MuiCircularProgress-circleIndeterminate css-176wh8e-MuiCircularProgress-circle"
          cx={44}
          cy={44}
          fill="none"
          r={20.2}
          strokeWidth={3.6}
          style={Object {}}
        />
      </svg>
    </span>
  </div>
</div>
`;

exports[`renders the App Component 1`] = `
<div
  className="App"
>
  <div
    className="MuiContainer-root MuiContainer-maxWidthLg css-14uxf7f-MuiContainer-root"
  >
    <span
      className="MuiCircularProgress-root MuiCircularProgress-indeterminate MuiCircularProgress-colorPrimary css-1gi5zzc-MuiCircularProgress-root"
      data-testid="circular-progress"
      role="progressbar"
      style={
        Object {
          "height": 40,
          "width": 40,
        }
      }
    >
      <svg
        className="MuiCircularProgress-svg css-1idz92c-MuiCircularProgress-svg"
        viewBox="22 22 44 44"
      >
        <circle
          className="MuiCircularProgress-circle MuiCircularProgress-circleIndeterminate css-176wh8e-MuiCircularProgress-circle"
          cx={44}
          cy={44}
          fill="none"
          r={20.2}
          strokeWidth={3.6}
          style={Object {}}
        />
      </svg>
    </span>
  </div>
</div>
`;
